*****************************************************************
      SolidWorks 公司 - IGES 处理器状态报告
*****************************************************************
=================================================================
总信息
=================================================================
发送系统产品 I.D.  : Materialise N.V. Libraries
接收系统产品 I.D.  : 
文件名称                    : 89HF:\2025办公(台式机)\0801 FR5相关\末端设计/EndEffectorVer2++EndEffectorVer2+GuiderVer2.igs
发送系统              : Materialise N.V. Libraries
预处理器版本         : IGES export library V.1
文件生成日期          : 13H250818.203038
模型生成日期         : 
单位                        : MM
模型空间比例            : 1
作者                       : Materialise Software Team
组织                 : Materialise N.V.


=================================================================
实体处理信息
=================================================================


=================================================================
IGES 文件的精度分析：
=================================================================
  有效位数的最普遍的数:               8
  有效位数的最大数:                      9
  有效位数的平均数:                6.66809
  与原点的最大距离:                          179.531
  与原点的最小距离:                          58.5938
  有效位数的有效数:              8.70576


=================================================================
实体概要
=================================================================
-----------------------------------------------------------------
类型名称                                         记数转换
---- ----                                         ----- ---------
128  Rational B-spline surface                     1650      1650
_________________________________________________________________


=================================================================
结果概要
=================================================================
SolidWorks 特征类型                记数
-----------------------                -----
实体特征                       0
曲面特征                     3
曲线/草图特征                0
--------------------------------------------
开始时间: 星期一, 八月 18, 2025 20:30:45
结束时间: 星期一, 八月 18, 2025 20:31:04
处理时间: 0 days, 00 hours, 00 mins, 19 secs
